

anbox-halium
https://github.com/Anbox-halium/anbox-halium

AVL_MXE de 32 bits

$ sudo apt install repo


reemplazar en la primer línea de repo lo siguiente:

$ sudo pluma /usr/bin/repo 

esto:

#!/usr/bin/python

por esto

#!/usr/bin/python3

Nota: Esta solución vista en: "SyntaxError: invalid syntax to repo init in the AOSP code - https://stackoverflow.com/a/66201412"

guardar y cerrar


$ repo init -u git://github.com/LineageOS/android.git -b lineage-17.1

Nota: Al ver en los Branches de este repositorio veo que también hay lineage-15.1 (y otras versiones), pienso que se podría ver luego si funciona, puesto que son versiones más ligeras

Add anbox manifest:

$ wget https://raw.githubusercontent.com/Anbox-halium/anbox-halium/lineage-17.1/anbox.xml -P .repo/local_manifests/

Then to sync up:

$ repo sync

o mejor para que no se cuelgue

$ repo sync --force-sync

Then to apply anbox patches:

$ anbox-patches/apply-patches.sh --mb


############
How to build
############

Please see the LineageOS Wiki https://wiki.lineageos.org/ for building environment setup.

###############
To build anbox:
###############

$ . build/envsetup.sh
$ lunch lineage_anbox_arm64-userdebug
$ make systemimage -j$(nproc --all)
$ make vendorimage -j$(nproc --all)

##############
How to install
##############

Execute command blew:

$ wget -O - https://github.com/Anbox-halium/anbox-halium/raw/lineage-17.1/scripts/install.sh | bash

Note: Run installer on the user you are willing to install anbox on
Patching kernel

Running anbox requires:

- Veth for networking
- Ashmem
- Specific binder nodes (anbox-binder anbox-hwbinder anbox-vndbinder) Checkout defconfig kernel patcher script https://github.com/Anbox-halium/anbox-halium/blob/lineage-17.1/scripts/check-kernel-config.sh for patching halium devices kernel.

$ check-kernel-config.sh halium_device_defconfig -w 

On mainline devices it is highly recommanded to use needed drivers as module. (binder_linux and ashmem_linux)



